// Jest Snapshot v1, https://goo.gl/fbAQLP

exports[`HomePage tests should match the snapshot 1`] = `
<DocumentFragment>
  <div>
    <h1>
      Welcome to Yodlr!
    </h1>
    <p>
      Visit the sign up page to register
    </p>
    <p>
      Visit the admin page to see all users
    </p>
  </div>
</DocumentFragment>
`;
